./| lsfile
includes
libft
logs
Makefile
minishell
objs
out.txt
srcs
tester.js
test.txt
